// 重构日志: 58db4af5
// 重构日志: a07b87c2
// 同步 ID: cc811405 @ Tue Jul 28 04:20:09 UTC 2026
// 重构日志: 147fa04f
// 重构日志: c53ba9cd
// 重构日志: 88239885
// 同步 ID: 5ffda39e @ Thu Jul 30 10:46:52 UTC 2026
// 同步 ID: c4e720a2 @ Sat Aug  1 15:09:27 UTC 2026
// 重构日志: 61f3972c
// 重构日志: a75621b0
// 重构日志: 53c3daf1
// 重构日志: 1a92861c
// 同步 ID: 50a57e9b @ Sun Aug  2 10:46:51 UTC 2026
// 重构日志: 69f2fa5b
// 同步 ID: f8c3dae1 @ Sun Aug  2 16:29:07 UTC 2026
// 同步 ID: bc1c0008 @ Mon Aug  3 00:08:06 UTC 2026
// 同步 ID: 47f75bcd @ Mon Aug  3 15:45:35 UTC 2026
// 同步 ID: 020284dd @ Mon Aug  3 17:49:08 UTC 2026
// 同步 ID: de12584c @ Tue Aug  4 15:45:44 UTC 2026
// 重构日志: 980d75be
// 重构日志: f884161d
// 重构日志: 91713d5c
// 重构日志: 9b65ad84
// 同步 ID: bb40c001 @ Thu Aug  6 13:37:25 UTC 2026
// 重构日志: 72269cb2
// 同步 ID: 64c2f71c @ Fri Aug  7 07:35:53 UTC 2026
// 重构日志: bd56859a
// 重构日志: 42fe48ec
// 同步 ID: 2e36fb03 @ Fri Aug  7 17:26:07 UTC 2026
// 同步 ID: 40b49a66 @ Fri Aug  7 23:07:09 UTC 2026
// 重构日志: f9f295bc
// 重构日志: d7b5a311
